Release 13.4 - xst O.87xd (lin64)
Copyright (c) 1995-2011 Xilinx, Inc.  All rights reserved.
--> 
Parameter TMPDIR set to xst/projnav.tmp


Total REAL time to Xst completion: 0.00 secs
Total CPU time to Xst completion: 0.04 secs
 
--> 
Parameter xsthdpdir set to xst


Total REAL time to Xst completion: 0.00 secs
Total CPU time to Xst completion: 0.04 secs
 
--> 
Reading design: Tenyr.prj

TABLE OF CONTENTS
  1) Synthesis Options Summary
  2) HDL Parsing
  3) HDL Elaboration
  4) HDL Synthesis
       4.1) HDL Synthesis Report
  5) Advanced HDL Synthesis
       5.1) Advanced HDL Synthesis Report
  6) Low Level Synthesis
  7) Partition Report
  8) Design Summary
       8.1) Primitive and Black Box Usage
       8.2) Device utilization summary
       8.3) Partition Resource Summary
       8.4) Timing Report
            8.4.1) Clock Information
            8.4.2) Asynchronous Control Signals Information
            8.4.3) Timing Summary
            8.4.4) Timing Details
            8.4.5) Cross Clock Domains Report


=========================================================================
*                      Synthesis Options Summary                        *
=========================================================================
---- Source Parameters
Input File Name                    : "Tenyr.prj"
Ignore Synthesis Constraint File   : NO

---- Target Parameters
Output File Name                   : "Tenyr"
Output Format                      : NGC
Target Device                      : xc6slx4-3-tqg144

---- Source Options
Top Module Name                    : Tenyr
Automatic FSM Extraction           : YES
FSM Encoding Algorithm             : Auto
Safe Implementation                : No
FSM Style                          : LUT
RAM Extraction                     : Yes
RAM Style                          : Auto
ROM Extraction                     : Yes
Shift Register Extraction          : YES
ROM Style                          : Auto
Resource Sharing                   : YES
Asynchronous To Synchronous        : NO
Shift Register Minimum Size        : 2
Use DSP Block                      : Auto
Automatic Register Balancing       : No

---- Target Options
LUT Combining                      : Auto
Reduce Control Sets                : Auto
Add IO Buffers                     : YES
Global Maximum Fanout              : 100000
Add Generic Clock Buffer(BUFG)     : 16
Register Duplication               : YES
Optimize Instantiated Primitives   : NO
Use Clock Enable                   : Auto
Use Synchronous Set                : Auto
Use Synchronous Reset              : Auto
Pack IO Registers into IOBs        : Auto
Equivalent register Removal        : YES

---- General Options
Optimization Goal                  : Speed
Optimization Effort                : 1
Power Reduction                    : NO
Keep Hierarchy                     : No
Netlist Hierarchy                  : As_Optimized
RTL Output                         : Yes
Global Optimization                : AllClockNets
Read Cores                         : YES
Write Timing Constraints           : NO
Cross Clock Analysis               : NO
Hierarchy Separator                : /
Bus Delimiter                      : <>
Case Specifier                     : Maintain
Slice Utilization Ratio            : 100
BRAM Utilization Ratio             : 100
DSP48 Utilization Ratio            : 100
Auto BRAM Packing                  : NO
Slice Utilization Ratio Delta      : 5

=========================================================================

INFO:Xst - Part-select index evaluated to out of bound value may lead to incorrect synthesis results; it is recommended not to use them in RTL

=========================================================================
*                          HDL Parsing                                  *
=========================================================================
Analyzing Verilog file "/mnt/kiri-kulp/Documents/Code/C/tenyr/hw/verilog/tenyr.v" into library work
Parsing module <Mem>.
Parsing module <Reg>.
WARNING:HDLCompiler:248 - "/mnt/kiri-kulp/Documents/Code/C/tenyr/hw/verilog/tenyr.v" Line 46: Block identifier is required on this block
Parsing module <Decode>.
WARNING:HDLCompiler:751 - "/mnt/kiri-kulp/Documents/Code/C/tenyr/hw/verilog/tenyr.v" Line 75: Redeclaration of ansi port valid is not allowed
Parsing module <Exec>.
Parsing module <Core>.
WARNING:HDLCompiler:751 - "/mnt/kiri-kulp/Documents/Code/C/tenyr/hw/verilog/tenyr.v" Line 154: Redeclaration of ansi port norm_addr is not allowed
WARNING:HDLCompiler:751 - "/mnt/kiri-kulp/Documents/Code/C/tenyr/hw/verilog/tenyr.v" Line 167: Redeclaration of ansi port halt is not allowed
WARNING:HDLCompiler:751 - "/mnt/kiri-kulp/Documents/Code/C/tenyr/hw/verilog/tenyr.v" Line 184: Redeclaration of ansi port insn_addr is not allowed
WARNING:HDLCompiler:489 - "/mnt/kiri-kulp/Documents/Code/C/tenyr/hw/verilog/tenyr.v" Line 151: Illegal initial value of output port insn_addr for module Core ignored
WARNING:HDLCompiler:489 - "/mnt/kiri-kulp/Documents/Code/C/tenyr/hw/verilog/tenyr.v" Line 153: Illegal initial value of output port halt for module Core ignored
Parsing module <Tenyr>.

=========================================================================
*                            HDL Elaboration                            *
=========================================================================

Elaborating module <Tenyr>.

Elaborating module <Mem>.
ERROR:Portability:3 - This Xilinx application has run out of memory or has encountered a memory conflict.  Current memory usage is 393952 kb.  You can try increasing your system's physical or virtual memory.  If you are using a Win32 system, you can increase your application memory from 2GB to 3GB using the /3G switch in your boot.ini file. For more information on this, please refer to Xilinx Answer Record #14932. For technical support on this issue, you can open a WebCase with this project attached at http://www.xilinx.com/support. 
